// Jest Snapshot v1, https://goo.gl/fbAQLP

exports[`should render 1`] = `
<DocumentFragment>
  <div>
    <h2
      class="title"
      test-id="title"
    >
      Hello!
    </h2>
  </div>
</DocumentFragment>
`;
